// Jest Snapshot v1, https://goo.gl/fbAQLP

exports[`Storyshots TestStorybook default 1`] = `
<div
  className="container"
>
   It works 
</div>
`;
